
> falbor@1.0.0 dev
> next dev

  ▲ Next.js 14.2.3
  - Local:        http://localhost:3000
  - Environments: .env

 ✓ Starting...
npm error code ENOWORKSPACES
npm error This command does not support workspaces.
npm error A complete log of this run can be found in: /home/orelre/.npm/_logs/2026-08-23T07_46_25_150Z-debug-0.log
 ✓ Ready in 2.7s
 ✓ Compiled /middleware in 143ms (198 modules)
 ○ Compiling /api/auth/google ...
 ✓ Compiled /api/auth/google in 1998ms (392 modules)
(node:184779) [DEP0169] DeprecationWarning: `url.parse()` behavior is not standardized and prone to errors that have security implications. Use the WHATWG URL API instead. CVEs are not issued for `url.parse()` vulnerabilities.
(Use `node --trace-deprecation ...` to show where the warning was created)
Google Login error: Error: Wrong number of segments in token: mock
    at OAuth2Client.verifySignedJwtWithCertsAsync (webpack-internal:///(rsc)/../../node_modules/google-auth-library/build/src/auth/oauth2client.js:655:19)
    at OAuth2Client.verifyIdTokenAsync (webpack-internal:///(rsc)/../../node_modules/google-auth-library/build/src/auth/oauth2client.js:508:34)
    at process.processTicksAndRejections (node:internal/process/task_queues:104:5)
    at async POST (webpack-internal:///(rsc)/./app/api/auth/google/route.ts:63:28)
    at async /home/orelre/Desktop/Falbor-main/node_modules/next/dist/compiled/next-server/app-route.runtime.dev.js:6:53446
    at async e_.execute (/home/orelre/Desktop/Falbor-main/node_modules/next/dist/compiled/next-server/app-route.runtime.dev.js:6:44747)
    at async e_.handle (/home/orelre/Desktop/Falbor-main/node_modules/next/dist/compiled/next-server/app-route.runtime.dev.js:6:54700)
    at async doRender (/home/orelre/Desktop/Falbor-main/node_modules/next/dist/server/base-server.js:1377:42)
    at async cacheEntry.responseCache.get.routeKind (/home/orelre/Desktop/Falbor-main/node_modules/next/dist/server/base-server.js:1599:28)
    at async DevServer.renderToResponseWithComponentsImpl (/home/orelre/Desktop/Falbor-main/node_modules/next/dist/server/base-server.js:1507:28)
    at async DevServer.renderPageComponent (/home/orelre/Desktop/Falbor-main/node_modules/next/dist/server/base-server.js:1924:24)
    at async DevServer.renderToResponseImpl (/home/orelre/Desktop/Falbor-main/node_modules/next/dist/server/base-server.js:1962:32)
    at async DevServer.pipeImpl (/home/orelre/Desktop/Falbor-main/node_modules/next/dist/server/base-server.js:920:25)
    at async NextNodeServer.handleCatchallRenderRequest (/home/orelre/Desktop/Falbor-main/node_modules/next/dist/server/next-server.js:272:17)
    at async DevServer.handleRequestImpl (/home/orelre/Desktop/Falbor-main/node_modules/next/dist/server/base-server.js:816:17)
    at async /home/orelre/Desktop/Falbor-main/node_modules/next/dist/server/dev/next-dev-server.js:339:20
    at async Span.traceAsyncFn (/home/orelre/Desktop/Falbor-main/node_modules/next/dist/trace/trace.js:154:20)
    at async DevServer.handleRequest (/home/orelre/Desktop/Falbor-main/node_modules/next/dist/server/dev/next-dev-server.js:336:24)
    at async invokeRender (/home/orelre/Desktop/Falbor-main/node_modules/next/dist/server/lib/router-server.js:174:21)
    at async handleRequest (/home/orelre/Desktop/Falbor-main/node_modules/next/dist/server/lib/router-server.js:353:24)
    at async requestHandlerImpl (/home/orelre/Desktop/Falbor-main/node_modules/next/dist/server/lib/router-server.js:377:13)
    at async Server.requestListener (/home/orelre/Desktop/Falbor-main/node_modules/next/dist/server/lib/start-server.js:141:13)
 POST /api/auth/google 500 in 2209ms
